<?xml version="1.0" encoding="UTF-8"?>
<TestRun id="da367f54-d214-43ad-b7a8-e71d01ca27a8" name="Administrator@WIN-2Q4L78P1B59 2016-10-05 22:17:02" runUser="WIN-2Q4L78P1B59\Administrator" xmlns="http://microsoft.com/schemas/VisualStudio/TeamTest/2010">
  <TestSettings name="Default Test Settings" id="cb7e2601-ae92-46ff-b940-37e6969373df">
    <Execution>
      <TestTypeSpecific />
      <AgentRule name="Execution Agents">
      </AgentRule>
    </Execution>
    <Deployment runDeploymentRoot="Administrator_WIN-2Q4L78P1B59 2016-10-05 22_17_02" />
    <Properties />
  </TestSettings>
  <Times creation="2016-10-05T22:17:02.2614642+00:00" queuing="2016-10-05T22:17:02.4794268+00:00" start="2016-10-05T22:17:02.5714304+00:00" finish="2016-10-05T22:17:02.7934251+00:00" />
  <ResultSummary outcome="Completed">
    <Counters total="1" executed="1" passed="1" error="0" failed="0" timeout="0" aborted="0" inconclusive="0" passedButRunAborted="0" notRunnable="0" notExecuted="0" disconnected="0" warning="0" completed="0" inProgress="0" pending="0" />
  </ResultSummary>
  <TestDefinitions>
    <UnitTest name="TestMethod1" storage="helloworldtest\bin\debug\helloworldtest.dll" id="468ee5d5-e801-0e2d-ab24-fd2b6bbe7081">
      <Execution id="f31d16d8-de38-4139-a8db-789a36d8a759" />
      <TestMethod codeBase="C:/Projects/HelloWorld/HelloWorldTest/bin/debug/HelloWorldTest.DLL" adapterTypeName="Microsoft.VisualStudio.TestTools.TestTypes.Unit.UnitTestAdapter, Microsoft.VisualStudio.QualityTools.Tips.UnitTest.Adapter, Version=14.0.0.0, Culture=neutral, PublicKeyToken=b03f5f7f11d50a3a" className="HelloWorldTest.UnitTest1, HelloWorldTest, Version=1.0.0.0, Culture=neutral, PublicKeyToken=null" name="TestMethod1" />
    </UnitTest>
  </TestDefinitions>
  <TestLists>
    <TestList name="Results Not in a List" id="8c84fa94-04c1-424b-9868-57a2d4851a1d" />
    <TestList name="All Loaded Results" id="19431567-8539-422a-85d7-44ee4e166bda" />
  </TestLists>
  <TestEntries>
    <TestEntry testId="468ee5d5-e801-0e2d-ab24-fd2b6bbe7081" executionId="f31d16d8-de38-4139-a8db-789a36d8a759" testListId="8c84fa94-04c1-424b-9868-57a2d4851a1d" />
  </TestEntries>
  <Results>
    <UnitTestResult executionId="f31d16d8-de38-4139-a8db-789a36d8a759" testId="468ee5d5-e801-0e2d-ab24-fd2b6bbe7081" testName="TestMethod1" computerName="WIN-2Q4L78P1B59" duration="00:00:00.0117612" startTime="2016-10-05T22:17:02.5924262+00:00" endTime="2016-10-05T22:17:02.7544309+00:00" testType="13cdc9d9-ddb5-4fa4-a97d-d965ccfc6d4b" outcome="Passed" testListId="8c84fa94-04c1-424b-9868-57a2d4851a1d" relativeResultsDirectory="f31d16d8-de38-4139-a8db-789a36d8a759">
    </UnitTestResult>
  </Results>
</TestRun>